app/[lang]/(main)/checkout/page.tsx(48,21): error TS2769: No overload matches this call.
  Overload 1 of 2, '(values: readonly ["home", "office"], params?: string | { error?: string | $ZodErrorMap<$ZodIssueInvalidValue<unknown>> | undefined; message?: string | undefined; } | undefined): ZodEnum<...>', gave the following error.
    Object literal may only specify known properties, and 'required_error' does not exist in type '{ error?: string | $ZodErrorMap<$ZodIssueInvalidValue<unknown>> | undefined; message?: string | undefined; }'.
  Overload 2 of 2, '(entries: Readonly<Record<string, EnumValue>>, params?: string | { error?: string | $ZodErrorMap<$ZodIssueInvalidValue<unknown>> | undefined; message?: string | undefined; } | undefined): ZodEnum<...>', gave the following error.
    Argument of type 'string[]' is not assignable to parameter of type 'Readonly<Record<string, EnumValue>>'.
      Index signature for type 'string' is missing in type 'string[]'.
app/actions/newsletter.ts(16,50): error TS2339: Property 'errors' does not exist on type 'ZodError<{ email: string; }>'.
components/dashboard/product-dialog.tsx(118,5): error TS2322: Type 'Resolver<{ name_en: string; name_ar: string; slug: string; description_en: string; description_ar: string; price: string; image_url: string; category: string; type: "b2b" | "b2c"; id?: string | undefined; ... 8 more ...; is_featured?: boolean | undefined; }, any, { ...; }>' is not assignable to type 'Resolver<{ name_en: string; name_ar: string; slug: string; description_en: string; description_ar: string; price: string; image_url: string; category: string; type: "b2b" | "b2c"; is_featured: boolean; ... 8 more ...; benefits_ar?: string | undefined; }, any, { ...; }>'.
  Types of parameters 'options' and 'options' are incompatible.
    Type 'ResolverOptions<{ name_en: string; name_ar: string; slug: string; description_en: string; description_ar: string; price: string; image_url: string; category: string; type: "b2b" | "b2c"; is_featured: boolean; ... 8 more ...; benefits_ar?: string | undefined; }>' is not assignable to type 'ResolverOptions<{ name_en: string; name_ar: string; slug: string; description_en: string; description_ar: string; price: string; image_url: string; category: string; type: "b2b" | "b2c"; id?: string | undefined; ... 8 more ...; is_featured?: boolean | undefined; }>'.
      Type 'boolean | undefined' is not assignable to type 'boolean'.
        Type 'undefined' is not assignable to type 'boolean'.
components/dashboard/product-dialog.tsx(201,45): error TS2345: Argument of type '(data: { name_en: string; name_ar: string; slug: string; description_en: string; description_ar: string; price: string; image_url: string; category: string; type: "b2b" | "b2c"; is_featured: boolean; ... 8 more ...; benefits_ar?: string | undefined; }) => Promise<...>' is not assignable to parameter of type 'SubmitHandler<TFieldValues>'.
  Types of parameters 'data' and 'data' are incompatible.
    Type 'TFieldValues' is not assignable to type '{ name_en: string; name_ar: string; slug: string; description_en: string; description_ar: string; price: string; image_url: string; category: string; type: "b2b" | "b2c"; is_featured: boolean; ... 8 more ...; benefits_ar?: string | undefined; }'.
      Type 'FieldValues' is missing the following properties from type '{ name_en: string; name_ar: string; slug: string; description_en: string; description_ar: string; price: string; image_url: string; category: string; type: "b2b" | "b2c"; is_featured: boolean; ... 8 more ...; benefits_ar?: string | undefined; }': name_en, name_ar, slug, description_en, and 6 more.
components/dashboard/product-dialog.tsx(205,17): error TS2322: Type 'Control<{ name_en: string; name_ar: string; slug: string; description_en: string; description_ar: string; price: string; image_url: string; category: string; type: "b2b" | "b2c"; is_featured: boolean; ... 8 more ...; benefits_ar?: string | undefined; }, any, TFieldValues>' is not assignable to type 'Control<{ name_en: string; name_ar: string; slug: string; description_en: string; description_ar: string; price: string; image_url: string; category: string; type: "b2b" | "b2c"; is_featured: boolean; ... 8 more ...; benefits_ar?: string | undefined; }, any, { ...; }>'.
  The types of '_options.resolver' are incompatible between these types.
    Type 'Resolver<{ name_en: string; name_ar: string; slug: string; description_en: string; description_ar: string; price: string; image_url: string; category: string; type: "b2b" | "b2c"; is_featured: boolean; ... 8 more ...; benefits_ar?: string | undefined; }, any, TFieldValues> | undefined' is not assignable to type 'Resolver<{ name_en: string; name_ar: string; slug: string; description_en: string; description_ar: string; price: string; image_url: string; category: string; type: "b2b" | "b2c"; is_featured: boolean; ... 8 more ...; benefits_ar?: string | undefined; }, any, { ...; }> | undefined'.
      Type 'Resolver<{ name_en: string; name_ar: string; slug: string; description_en: string; description_ar: string; price: string; image_url: string; category: string; type: "b2b" | "b2c"; is_featured: boolean; ... 8 more ...; benefits_ar?: string | undefined; }, any, TFieldValues>' is not assignable to type 'Resolver<{ name_en: string; name_ar: string; slug: string; description_en: string; description_ar: string; price: string; image_url: string; category: string; type: "b2b" | "b2c"; is_featured: boolean; ... 8 more ...; benefits_ar?: string | undefined; }, any, { ...; }>'.
        Type 'ResolverResult<{ name_en: string; name_ar: string; slug: string; description_en: string; description_ar: string; price: string; image_url: string; category: string; type: "b2b" | "b2c"; is_featured: boolean; ... 8 more ...; benefits_ar?: string | undefined; }, TFieldValues> | Promise<...>' is not assignable to type 'ResolverResult<{ name_en: string; name_ar: string; slug: string; description_en: string; description_ar: string; price: string; image_url: string; category: string; type: "b2b" | "b2c"; is_featured: boolean; ... 8 more ...; benefits_ar?: string | undefined; }, { ...; }> | Promise<...>'.
          Type 'ResolverSuccess<TFieldValues>' is not assignable to type 'ResolverResult<{ name_en: string; name_ar: string; slug: string; description_en: string; description_ar: string; price: string; image_url: string; category: string; type: "b2b" | "b2c"; is_featured: boolean; ... 8 more ...; benefits_ar?: string | undefined; }, { ...; }> | Promise<...>'.
            Type 'ResolverSuccess<TFieldValues>' is not assignable to type 'ResolverSuccess<{ name_en: string; name_ar: string; slug: string; description_en: string; description_ar: string; price: string; image_url: string; category: string; type: "b2b" | "b2c"; is_featured: boolean; ... 8 more ...; benefits_ar?: string | undefined; }>'.
              Type 'TFieldValues' is not assignable to type '{ name_en: string; name_ar: string; slug: string; description_en: string; description_ar: string; price: string; image_url: string; category: string; type: "b2b" | "b2c"; is_featured: boolean; ... 8 more ...; benefits_ar?: string | undefined; }'.
                Type 'FieldValues' is missing the following properties from type '{ name_en: string; name_ar: string; slug: string; description_en: string; description_ar: string; price: string; image_url: string; category: string; type: "b2b" | "b2c"; is_featured: boolean; ... 8 more ...; benefits_ar?: string | undefined; }': name_en, name_ar, slug, description_en, and 6 more.
components/dashboard/product-dialog.tsx(220,17): error TS2322: Type 'Control<{ name_en: string; name_ar: string; slug: string; description_en: string; description_ar: string; price: string; image_url: string; category: string; type: "b2b" | "b2c"; is_featured: boolean; ... 8 more ...; benefits_ar?: string | undefined; }, any, TFieldValues>' is not assignable to type 'Control<{ name_en: string; name_ar: string; slug: string; description_en: string; description_ar: string; price: string; image_url: string; category: string; type: "b2b" | "b2c"; is_featured: boolean; ... 8 more ...; benefits_ar?: string | undefined; }, any, { ...; }>'.
  The types of '_options.resolver' are incompatible between these types.
    Type 'Resolver<{ name_en: string; name_ar: string; slug: string; description_en: string; description_ar: string; price: string; image_url: string; category: string; type: "b2b" | "b2c"; is_featured: boolean; ... 8 more ...; benefits_ar?: string | undefined; }, any, TFieldValues> | undefined' is not assignable to type 'Resolver<{ name_en: string; name_ar: string; slug: string; description_en: string; description_ar: string; price: string; image_url: string; category: string; type: "b2b" | "b2c"; is_featured: boolean; ... 8 more ...; benefits_ar?: string | undefined; }, any, { ...; }> | undefined'.
      Type 'Resolver<{ name_en: string; name_ar: string; slug: string; description_en: string; description_ar: string; price: string; image_url: string; category: string; type: "b2b" | "b2c"; is_featured: boolean; ... 8 more ...; benefits_ar?: string | undefined; }, any, TFieldValues>' is not assignable to type 'Resolver<{ name_en: string; name_ar: string; slug: string; description_en: string; description_ar: string; price: string; image_url: string; category: string; type: "b2b" | "b2c"; is_featured: boolean; ... 8 more ...; benefits_ar?: string | undefined; }, any, { ...; }>'.
        Type 'ResolverResult<{ name_en: string; name_ar: string; slug: string; description_en: string; description_ar: string; price: string; image_url: string; category: string; type: "b2b" | "b2c"; is_featured: boolean; ... 8 more ...; benefits_ar?: string | undefined; }, TFieldValues> | Promise<...>' is not assignable to type 'ResolverResult<{ name_en: string; name_ar: string; slug: string; description_en: string; description_ar: string; price: string; image_url: string; category: string; type: "b2b" | "b2c"; is_featured: boolean; ... 8 more ...; benefits_ar?: string | undefined; }, { ...; }> | Promise<...>'.
          Type 'ResolverSuccess<TFieldValues>' is not assignable to type 'ResolverResult<{ name_en: string; name_ar: string; slug: string; description_en: string; description_ar: string; price: string; image_url: string; category: string; type: "b2b" | "b2c"; is_featured: boolean; ... 8 more ...; benefits_ar?: string | undefined; }, { ...; }> | Promise<...>'.
            Type 'ResolverSuccess<TFieldValues>' is not assignable to type 'ResolverSuccess<{ name_en: string; name_ar: string; slug: string; description_en: string; description_ar: string; price: string; image_url: string; category: string; type: "b2b" | "b2c"; is_featured: boolean; ... 8 more ...; benefits_ar?: string | undefined; }>'.
              Type 'TFieldValues' is not assignable to type '{ name_en: string; name_ar: string; slug: string; description_en: string; description_ar: string; price: string; image_url: string; category: string; type: "b2b" | "b2c"; is_featured: boolean; ... 8 more ...; benefits_ar?: string | undefined; }'.
                Type 'FieldValues' is missing the following properties from type '{ name_en: string; name_ar: string; slug: string; description_en: string; description_ar: string; price: string; image_url: string; category: string; type: "b2b" | "b2c"; is_featured: boolean; ... 8 more ...; benefits_ar?: string | undefined; }': name_en, name_ar, slug, description_en, and 6 more.
components/dashboard/product-dialog.tsx(235,17): error TS2322: Type 'Control<{ name_en: string; name_ar: string; slug: string; description_en: string; description_ar: string; price: string; image_url: string; category: string; type: "b2b" | "b2c"; is_featured: boolean; ... 8 more ...; benefits_ar?: string | undefined; }, any, TFieldValues>' is not assignable to type 'Control<{ name_en: string; name_ar: string; slug: string; description_en: string; description_ar: string; price: string; image_url: string; category: string; type: "b2b" | "b2c"; is_featured: boolean; ... 8 more ...; benefits_ar?: string | undefined; }, any, { ...; }>'.
  The types of '_options.resolver' are incompatible between these types.
    Type 'Resolver<{ name_en: string; name_ar: string; slug: string; description_en: string; description_ar: string; price: string; image_url: string; category: string; type: "b2b" | "b2c"; is_featured: boolean; ... 8 more ...; benefits_ar?: string | undefined; }, any, TFieldValues> | undefined' is not assignable to type 'Resolver<{ name_en: string; name_ar: string; slug: string; description_en: string; description_ar: string; price: string; image_url: string; category: string; type: "b2b" | "b2c"; is_featured: boolean; ... 8 more ...; benefits_ar?: string | undefined; }, any, { ...; }> | undefined'.
      Type 'Resolver<{ name_en: string; name_ar: string; slug: string; description_en: string; description_ar: string; price: string; image_url: string; category: string; type: "b2b" | "b2c"; is_featured: boolean; ... 8 more ...; benefits_ar?: string | undefined; }, any, TFieldValues>' is not assignable to type 'Resolver<{ name_en: string; name_ar: string; slug: string; description_en: string; description_ar: string; price: string; image_url: string; category: string; type: "b2b" | "b2c"; is_featured: boolean; ... 8 more ...; benefits_ar?: string | undefined; }, any, { ...; }>'.
        Type 'ResolverResult<{ name_en: string; name_ar: string; slug: string; description_en: string; description_ar: string; price: string; image_url: string; category: string; type: "b2b" | "b2c"; is_featured: boolean; ... 8 more ...; benefits_ar?: string | undefined; }, TFieldValues> | Promise<...>' is not assignable to type 'ResolverResult<{ name_en: string; name_ar: string; slug: string; description_en: string; description_ar: string; price: string; image_url: string; category: string; type: "b2b" | "b2c"; is_featured: boolean; ... 8 more ...; benefits_ar?: string | undefined; }, { ...; }> | Promise<...>'.
          Type 'ResolverSuccess<TFieldValues>' is not assignable to type 'ResolverResult<{ name_en: string; name_ar: string; slug: string; description_en: string; description_ar: string; price: string; image_url: string; category: string; type: "b2b" | "b2c"; is_featured: boolean; ... 8 more ...; benefits_ar?: string | undefined; }, { ...; }> | Promise<...>'.
            Type 'ResolverSuccess<TFieldValues>' is not assignable to type 'ResolverSuccess<{ name_en: string; name_ar: string; slug: string; description_en: string; description_ar: string; price: string; image_url: string; category: string; type: "b2b" | "b2c"; is_featured: boolean; ... 8 more ...; benefits_ar?: string | undefined; }>'.
              Type 'TFieldValues' is not assignable to type '{ name_en: string; name_ar: string; slug: string; description_en: string; description_ar: string; price: string; image_url: string; category: string; type: "b2b" | "b2c"; is_featured: boolean; ... 8 more ...; benefits_ar?: string | undefined; }'.
                Type 'FieldValues' is missing the following properties from type '{ name_en: string; name_ar: string; slug: string; description_en: string; description_ar: string; price: string; image_url: string; category: string; type: "b2b" | "b2c"; is_featured: boolean; ... 8 more ...; benefits_ar?: string | undefined; }': name_en, name_ar, slug, description_en, and 6 more.
components/dashboard/product-dialog.tsx(250,17): error TS2322: Type 'Control<{ name_en: string; name_ar: string; slug: string; description_en: string; description_ar: string; price: string; image_url: string; category: string; type: "b2b" | "b2c"; is_featured: boolean; ... 8 more ...; benefits_ar?: string | undefined; }, any, TFieldValues>' is not assignable to type 'Control<{ name_en: string; name_ar: string; slug: string; description_en: string; description_ar: string; price: string; image_url: string; category: string; type: "b2b" | "b2c"; is_featured: boolean; ... 8 more ...; benefits_ar?: string | undefined; }, any, { ...; }>'.
  The types of '_options.resolver' are incompatible between these types.
    Type 'Resolver<{ name_en: string; name_ar: string; slug: string; description_en: string; description_ar: string; price: string; image_url: string; category: string; type: "b2b" | "b2c"; is_featured: boolean; ... 8 more ...; benefits_ar?: string | undefined; }, any, TFieldValues> | undefined' is not assignable to type 'Resolver<{ name_en: string; name_ar: string; slug: string; description_en: string; description_ar: string; price: string; image_url: string; category: string; type: "b2b" | "b2c"; is_featured: boolean; ... 8 more ...; benefits_ar?: string | undefined; }, any, { ...; }> | undefined'.
      Type 'Resolver<{ name_en: string; name_ar: string; slug: string; description_en: string; description_ar: string; price: string; image_url: string; category: string; type: "b2b" | "b2c"; is_featured: boolean; ... 8 more ...; benefits_ar?: string | undefined; }, any, TFieldValues>' is not assignable to type 'Resolver<{ name_en: string; name_ar: string; slug: string; description_en: string; description_ar: string; price: string; image_url: string; category: string; type: "b2b" | "b2c"; is_featured: boolean; ... 8 more ...; benefits_ar?: string | undefined; }, any, { ...; }>'.
        Type 'ResolverResult<{ name_en: string; name_ar: string; slug: string; description_en: string; description_ar: string; price: string; image_url: string; category: string; type: "b2b" | "b2c"; is_featured: boolean; ... 8 more ...; benefits_ar?: string | undefined; }, TFieldValues> | Promise<...>' is not assignable to type 'ResolverResult<{ name_en: string; name_ar: string; slug: string; description_en: string; description_ar: string; price: string; image_url: string; category: string; type: "b2b" | "b2c"; is_featured: boolean; ... 8 more ...; benefits_ar?: string | undefined; }, { ...; }> | Promise<...>'.
          Type 'ResolverSuccess<TFieldValues>' is not assignable to type 'ResolverResult<{ name_en: string; name_ar: string; slug: string; description_en: string; description_ar: string; price: string; image_url: string; category: string; type: "b2b" | "b2c"; is_featured: boolean; ... 8 more ...; benefits_ar?: string | undefined; }, { ...; }> | Promise<...>'.
            Type 'ResolverSuccess<TFieldValues>' is not assignable to type 'ResolverSuccess<{ name_en: string; name_ar: string; slug: string; description_en: string; description_ar: string; price: string; image_url: string; category: string; type: "b2b" | "b2c"; is_featured: boolean; ... 8 more ...; benefits_ar?: string | undefined; }>'.
              Type 'TFieldValues' is not assignable to type '{ name_en: string; name_ar: string; slug: string; description_en: string; description_ar: string; price: string; image_url: string; category: string; type: "b2b" | "b2c"; is_featured: boolean; ... 8 more ...; benefits_ar?: string | undefined; }'.
                Type 'FieldValues' is missing the following properties from type '{ name_en: string; name_ar: string; slug: string; description_en: string; description_ar: string; price: string; image_url: string; category: string; type: "b2b" | "b2c"; is_featured: boolean; ... 8 more ...; benefits_ar?: string | undefined; }': name_en, name_ar, slug, description_en, and 6 more.
components/dashboard/product-dialog.tsx(265,17): error TS2322: Type 'Control<{ name_en: string; name_ar: string; slug: string; description_en: string; description_ar: string; price: string; image_url: string; category: string; type: "b2b" | "b2c"; is_featured: boolean; ... 8 more ...; benefits_ar?: string | undefined; }, any, TFieldValues>' is not assignable to type 'Control<{ name_en: string; name_ar: string; slug: string; description_en: string; description_ar: string; price: string; image_url: string; category: string; type: "b2b" | "b2c"; is_featured: boolean; ... 8 more ...; benefits_ar?: string | undefined; }, any, { ...; }>'.
  The types of '_options.resolver' are incompatible between these types.
    Type 'Resolver<{ name_en: string; name_ar: string; slug: string; description_en: string; description_ar: string; price: string; image_url: string; category: string; type: "b2b" | "b2c"; is_featured: boolean; ... 8 more ...; benefits_ar?: string | undefined; }, any, TFieldValues> | undefined' is not assignable to type 'Resolver<{ name_en: string; name_ar: string; slug: string; description_en: string; description_ar: string; price: string; image_url: string; category: string; type: "b2b" | "b2c"; is_featured: boolean; ... 8 more ...; benefits_ar?: string | undefined; }, any, { ...; }> | undefined'.
      Type 'Resolver<{ name_en: string; name_ar: string; slug: string; description_en: string; description_ar: string; price: string; image_url: string; category: string; type: "b2b" | "b2c"; is_featured: boolean; ... 8 more ...; benefits_ar?: string | undefined; }, any, TFieldValues>' is not assignable to type 'Resolver<{ name_en: string; name_ar: string; slug: string; description_en: string; description_ar: string; price: string; image_url: string; category: string; type: "b2b" | "b2c"; is_featured: boolean; ... 8 more ...; benefits_ar?: string | undefined; }, any, { ...; }>'.
        Type 'ResolverResult<{ name_en: string; name_ar: string; slug: string; description_en: string; description_ar: string; price: string; image_url: string; category: string; type: "b2b" | "b2c"; is_featured: boolean; ... 8 more ...; benefits_ar?: string | undefined; }, TFieldValues> | Promise<...>' is not assignable to type 'ResolverResult<{ name_en: string; name_ar: string; slug: string; description_en: string; description_ar: string; price: string; image_url: string; category: string; type: "b2b" | "b2c"; is_featured: boolean; ... 8 more ...; benefits_ar?: string | undefined; }, { ...; }> | Promise<...>'.
          Type 'ResolverSuccess<TFieldValues>' is not assignable to type 'ResolverResult<{ name_en: string; name_ar: string; slug: string; description_en: string; description_ar: string; price: string; image_url: string; category: string; type: "b2b" | "b2c"; is_featured: boolean; ... 8 more ...; benefits_ar?: string | undefined; }, { ...; }> | Promise<...>'.
            Type 'ResolverSuccess<TFieldValues>' is not assignable to type 'ResolverSuccess<{ name_en: string; name_ar: string; slug: string; description_en: string; description_ar: string; price: string; image_url: string; category: string; type: "b2b" | "b2c"; is_featured: boolean; ... 8 more ...; benefits_ar?: string | undefined; }>'.
              Type 'TFieldValues' is not assignable to type '{ name_en: string; name_ar: string; slug: string; description_en: string; description_ar: string; price: string; image_url: string; category: string; type: "b2b" | "b2c"; is_featured: boolean; ... 8 more ...; benefits_ar?: string | undefined; }'.
                Type 'FieldValues' is missing the following properties from type '{ name_en: string; name_ar: string; slug: string; description_en: string; description_ar: string; price: string; image_url: string; category: string; type: "b2b" | "b2c"; is_featured: boolean; ... 8 more ...; benefits_ar?: string | undefined; }': name_en, name_ar, slug, description_en, and 6 more.
components/dashboard/product-dialog.tsx(280,17): error TS2322: Type 'Control<{ name_en: string; name_ar: string; slug: string; description_en: string; description_ar: string; price: string; image_url: string; category: string; type: "b2b" | "b2c"; is_featured: boolean; ... 8 more ...; benefits_ar?: string | undefined; }, any, TFieldValues>' is not assignable to type 'Control<{ name_en: string; name_ar: string; slug: string; description_en: string; description_ar: string; price: string; image_url: string; category: string; type: "b2b" | "b2c"; is_featured: boolean; ... 8 more ...; benefits_ar?: string | undefined; }, any, { ...; }>'.
  The types of '_options.resolver' are incompatible between these types.
    Type 'Resolver<{ name_en: string; name_ar: string; slug: string; description_en: string; description_ar: string; price: string; image_url: string; category: string; type: "b2b" | "b2c"; is_featured: boolean; ... 8 more ...; benefits_ar?: string | undefined; }, any, TFieldValues> | undefined' is not assignable to type 'Resolver<{ name_en: string; name_ar: string; slug: string; description_en: string; description_ar: string; price: string; image_url: string; category: string; type: "b2b" | "b2c"; is_featured: boolean; ... 8 more ...; benefits_ar?: string | undefined; }, any, { ...; }> | undefined'.
      Type 'Resolver<{ name_en: string; name_ar: string; slug: string; description_en: string; description_ar: string; price: string; image_url: string; category: string; type: "b2b" | "b2c"; is_featured: boolean; ... 8 more ...; benefits_ar?: string | undefined; }, any, TFieldValues>' is not assignable to type 'Resolver<{ name_en: string; name_ar: string; slug: string; description_en: string; description_ar: string; price: string; image_url: string; category: string; type: "b2b" | "b2c"; is_featured: boolean; ... 8 more ...; benefits_ar?: string | undefined; }, any, { ...; }>'.
        Type 'ResolverResult<{ name_en: string; name_ar: string; slug: string; description_en: string; description_ar: string; price: string; image_url: string; category: string; type: "b2b" | "b2c"; is_featured: boolean; ... 8 more ...; benefits_ar?: string | undefined; }, TFieldValues> | Promise<...>' is not assignable to type 'ResolverResult<{ name_en: string; name_ar: string; slug: string; description_en: string; description_ar: string; price: string; image_url: string; category: string; type: "b2b" | "b2c"; is_featured: boolean; ... 8 more ...; benefits_ar?: string | undefined; }, { ...; }> | Promise<...>'.
          Type 'ResolverSuccess<TFieldValues>' is not assignable to type 'ResolverResult<{ name_en: string; name_ar: string; slug: string; description_en: string; description_ar: string; price: string; image_url: string; category: string; type: "b2b" | "b2c"; is_featured: boolean; ... 8 more ...; benefits_ar?: string | undefined; }, { ...; }> | Promise<...>'.
            Type 'ResolverSuccess<TFieldValues>' is not assignable to type 'ResolverSuccess<{ name_en: string; name_ar: string; slug: string; description_en: string; description_ar: string; price: string; image_url: string; category: string; type: "b2b" | "b2c"; is_featured: boolean; ... 8 more ...; benefits_ar?: string | undefined; }>'.
              Type 'TFieldValues' is not assignable to type '{ name_en: string; name_ar: string; slug: string; description_en: string; description_ar: string; price: string; image_url: string; category: string; type: "b2b" | "b2c"; is_featured: boolean; ... 8 more ...; benefits_ar?: string | undefined; }'.
                Type 'FieldValues' is missing the following properties from type '{ name_en: string; name_ar: string; slug: string; description_en: string; description_ar: string; price: string; image_url: string; category: string; type: "b2b" | "b2c"; is_featured: boolean; ... 8 more ...; benefits_ar?: string | undefined; }': name_en, name_ar, slug, description_en, and 6 more.
components/dashboard/product-dialog.tsx(295,17): error TS2322: Type 'Control<{ name_en: string; name_ar: string; slug: string; description_en: string; description_ar: string; price: string; image_url: string; category: string; type: "b2b" | "b2c"; is_featured: boolean; ... 8 more ...; benefits_ar?: string | undefined; }, any, TFieldValues>' is not assignable to type 'Control<{ name_en: string; name_ar: string; slug: string; description_en: string; description_ar: string; price: string; image_url: string; category: string; type: "b2b" | "b2c"; is_featured: boolean; ... 8 more ...; benefits_ar?: string | undefined; }, any, { ...; }>'.
  The types of '_options.resolver' are incompatible between these types.
    Type 'Resolver<{ name_en: string; name_ar: string; slug: string; description_en: string; description_ar: string; price: string; image_url: string; category: string; type: "b2b" | "b2c"; is_featured: boolean; ... 8 more ...; benefits_ar?: string | undefined; }, any, TFieldValues> | undefined' is not assignable to type 'Resolver<{ name_en: string; name_ar: string; slug: string; description_en: string; description_ar: string; price: string; image_url: string; category: string; type: "b2b" | "b2c"; is_featured: boolean; ... 8 more ...; benefits_ar?: string | undefined; }, any, { ...; }> | undefined'.
      Type 'Resolver<{ name_en: string; name_ar: string; slug: string; description_en: string; description_ar: string; price: string; image_url: string; category: string; type: "b2b" | "b2c"; is_featured: boolean; ... 8 more ...; benefits_ar?: string | undefined; }, any, TFieldValues>' is not assignable to type 'Resolver<{ name_en: string; name_ar: string; slug: string; description_en: string; description_ar: string; price: string; image_url: string; category: string; type: "b2b" | "b2c"; is_featured: boolean; ... 8 more ...; benefits_ar?: string | undefined; }, any, { ...; }>'.
        Type 'ResolverResult<{ name_en: string; name_ar: string; slug: string; description_en: string; description_ar: string; price: string; image_url: string; category: string; type: "b2b" | "b2c"; is_featured: boolean; ... 8 more ...; benefits_ar?: string | undefined; }, TFieldValues> | Promise<...>' is not assignable to type 'ResolverResult<{ name_en: string; name_ar: string; slug: string; description_en: string; description_ar: string; price: string; image_url: string; category: string; type: "b2b" | "b2c"; is_featured: boolean; ... 8 more ...; benefits_ar?: string | undefined; }, { ...; }> | Promise<...>'.
          Type 'ResolverSuccess<TFieldValues>' is not assignable to type 'ResolverResult<{ name_en: string; name_ar: string; slug: string; description_en: string; description_ar: string; price: string; image_url: string; category: string; type: "b2b" | "b2c"; is_featured: boolean; ... 8 more ...; benefits_ar?: string | undefined; }, { ...; }> | Promise<...>'.
            Type 'ResolverSuccess<TFieldValues>' is not assignable to type 'ResolverSuccess<{ name_en: string; name_ar: string; slug: string; description_en: string; description_ar: string; price: string; image_url: string; category: string; type: "b2b" | "b2c"; is_featured: boolean; ... 8 more ...; benefits_ar?: string | undefined; }>'.
              Type 'TFieldValues' is not assignable to type '{ name_en: string; name_ar: string; slug: string; description_en: string; description_ar: string; price: string; image_url: string; category: string; type: "b2b" | "b2c"; is_featured: boolean; ... 8 more ...; benefits_ar?: string | undefined; }'.
                Type 'FieldValues' is missing the following properties from type '{ name_en: string; name_ar: string; slug: string; description_en: string; description_ar: string; price: string; image_url: string; category: string; type: "b2b" | "b2c"; is_featured: boolean; ... 8 more ...; benefits_ar?: string | undefined; }': name_en, name_ar, slug, description_en, and 6 more.
components/dashboard/product-dialog.tsx(314,17): error TS2322: Type 'Control<{ name_en: string; name_ar: string; slug: string; description_en: string; description_ar: string; price: string; image_url: string; category: string; type: "b2b" | "b2c"; is_featured: boolean; ... 8 more ...; benefits_ar?: string | undefined; }, any, TFieldValues>' is not assignable to type 'Control<{ name_en: string; name_ar: string; slug: string; description_en: string; description_ar: string; price: string; image_url: string; category: string; type: "b2b" | "b2c"; is_featured: boolean; ... 8 more ...; benefits_ar?: string | undefined; }, any, { ...; }>'.
  The types of '_options.resolver' are incompatible between these types.
    Type 'Resolver<{ name_en: string; name_ar: string; slug: string; description_en: string; description_ar: string; price: string; image_url: string; category: string; type: "b2b" | "b2c"; is_featured: boolean; ... 8 more ...; benefits_ar?: string | undefined; }, any, TFieldValues> | undefined' is not assignable to type 'Resolver<{ name_en: string; name_ar: string; slug: string; description_en: string; description_ar: string; price: string; image_url: string; category: string; type: "b2b" | "b2c"; is_featured: boolean; ... 8 more ...; benefits_ar?: string | undefined; }, any, { ...; }> | undefined'.
      Type 'Resolver<{ name_en: string; name_ar: string; slug: string; description_en: string; description_ar: string; price: string; image_url: string; category: string; type: "b2b" | "b2c"; is_featured: boolean; ... 8 more ...; benefits_ar?: string | undefined; }, any, TFieldValues>' is not assignable to type 'Resolver<{ name_en: string; name_ar: string; slug: string; description_en: string; description_ar: string; price: string; image_url: string; category: string; type: "b2b" | "b2c"; is_featured: boolean; ... 8 more ...; benefits_ar?: string | undefined; }, any, { ...; }>'.
        Type 'ResolverResult<{ name_en: string; name_ar: string; slug: string; description_en: string; description_ar: string; price: string; image_url: string; category: string; type: "b2b" | "b2c"; is_featured: boolean; ... 8 more ...; benefits_ar?: string | undefined; }, TFieldValues> | Promise<...>' is not assignable to type 'ResolverResult<{ name_en: string; name_ar: string; slug: string; description_en: string; description_ar: string; price: string; image_url: string; category: string; type: "b2b" | "b2c"; is_featured: boolean; ... 8 more ...; benefits_ar?: string | undefined; }, { ...; }> | Promise<...>'.
          Type 'ResolverSuccess<TFieldValues>' is not assignable to type 'ResolverResult<{ name_en: string; name_ar: string; slug: string; description_en: string; description_ar: string; price: string; image_url: string; category: string; type: "b2b" | "b2c"; is_featured: boolean; ... 8 more ...; benefits_ar?: string | undefined; }, { ...; }> | Promise<...>'.
            Type 'ResolverSuccess<TFieldValues>' is not assignable to type 'ResolverSuccess<{ name_en: string; name_ar: string; slug: string; description_en: string; description_ar: string; price: string; image_url: string; category: string; type: "b2b" | "b2c"; is_featured: boolean; ... 8 more ...; benefits_ar?: string | undefined; }>'.
              Type 'TFieldValues' is not assignable to type '{ name_en: string; name_ar: string; slug: string; description_en: string; description_ar: string; price: string; image_url: string; category: string; type: "b2b" | "b2c"; is_featured: boolean; ... 8 more ...; benefits_ar?: string | undefined; }'.
                Type 'FieldValues' is missing the following properties from type '{ name_en: string; name_ar: string; slug: string; description_en: string; description_ar: string; price: string; image_url: string; category: string; type: "b2b" | "b2c"; is_featured: boolean; ... 8 more ...; benefits_ar?: string | undefined; }': name_en, name_ar, slug, description_en, and 6 more.
components/dashboard/product-dialog.tsx(339,17): error TS2322: Type 'Control<{ name_en: string; name_ar: string; slug: string; description_en: string; description_ar: string; price: string; image_url: string; category: string; type: "b2b" | "b2c"; is_featured: boolean; ... 8 more ...; benefits_ar?: string | undefined; }, any, TFieldValues>' is not assignable to type 'Control<{ name_en: string; name_ar: string; slug: string; description_en: string; description_ar: string; price: string; image_url: string; category: string; type: "b2b" | "b2c"; is_featured: boolean; ... 8 more ...; benefits_ar?: string | undefined; }, any, { ...; }>'.
  The types of '_options.resolver' are incompatible between these types.
    Type 'Resolver<{ name_en: string; name_ar: string; slug: string; description_en: string; description_ar: string; price: string; image_url: string; category: string; type: "b2b" | "b2c"; is_featured: boolean; ... 8 more ...; benefits_ar?: string | undefined; }, any, TFieldValues> | undefined' is not assignable to type 'Resolver<{ name_en: string; name_ar: string; slug: string; description_en: string; description_ar: string; price: string; image_url: string; category: string; type: "b2b" | "b2c"; is_featured: boolean; ... 8 more ...; benefits_ar?: string | undefined; }, any, { ...; }> | undefined'.
      Type 'Resolver<{ name_en: string; name_ar: string; slug: string; description_en: string; description_ar: string; price: string; image_url: string; category: string; type: "b2b" | "b2c"; is_featured: boolean; ... 8 more ...; benefits_ar?: string | undefined; }, any, TFieldValues>' is not assignable to type 'Resolver<{ name_en: string; name_ar: string; slug: string; description_en: string; description_ar: string; price: string; image_url: string; category: string; type: "b2b" | "b2c"; is_featured: boolean; ... 8 more ...; benefits_ar?: string | undefined; }, any, { ...; }>'.
        Type 'ResolverResult<{ name_en: string; name_ar: string; slug: string; description_en: string; description_ar: string; price: string; image_url: string; category: string; type: "b2b" | "b2c"; is_featured: boolean; ... 8 more ...; benefits_ar?: string | undefined; }, TFieldValues> | Promise<...>' is not assignable to type 'ResolverResult<{ name_en: string; name_ar: string; slug: string; description_en: string; description_ar: string; price: string; image_url: string; category: string; type: "b2b" | "b2c"; is_featured: boolean; ... 8 more ...; benefits_ar?: string | undefined; }, { ...; }> | Promise<...>'.
          Type 'ResolverSuccess<TFieldValues>' is not assignable to type 'ResolverResult<{ name_en: string; name_ar: string; slug: string; description_en: string; description_ar: string; price: string; image_url: string; category: string; type: "b2b" | "b2c"; is_featured: boolean; ... 8 more ...; benefits_ar?: string | undefined; }, { ...; }> | Promise<...>'.
            Type 'ResolverSuccess<TFieldValues>' is not assignable to type 'ResolverSuccess<{ name_en: string; name_ar: string; slug: string; description_en: string; description_ar: string; price: string; image_url: string; category: string; type: "b2b" | "b2c"; is_featured: boolean; ... 8 more ...; benefits_ar?: string | undefined; }>'.
              Type 'TFieldValues' is not assignable to type '{ name_en: string; name_ar: string; slug: string; description_en: string; description_ar: string; price: string; image_url: string; category: string; type: "b2b" | "b2c"; is_featured: boolean; ... 8 more ...; benefits_ar?: string | undefined; }'.
                Type 'FieldValues' is missing the following properties from type '{ name_en: string; name_ar: string; slug: string; description_en: string; description_ar: string; price: string; image_url: string; category: string; type: "b2b" | "b2c"; is_featured: boolean; ... 8 more ...; benefits_ar?: string | undefined; }': name_en, name_ar, slug, description_en, and 6 more.
components/dashboard/product-dialog.tsx(353,17): error TS2322: Type 'Control<{ name_en: string; name_ar: string; slug: string; description_en: string; description_ar: string; price: string; image_url: string; category: string; type: "b2b" | "b2c"; is_featured: boolean; ... 8 more ...; benefits_ar?: string | undefined; }, any, TFieldValues>' is not assignable to type 'Control<{ name_en: string; name_ar: string; slug: string; description_en: string; description_ar: string; price: string; image_url: string; category: string; type: "b2b" | "b2c"; is_featured: boolean; ... 8 more ...; benefits_ar?: string | undefined; }, any, { ...; }>'.
  The types of '_options.resolver' are incompatible between these types.
    Type 'Resolver<{ name_en: string; name_ar: string; slug: string; description_en: string; description_ar: string; price: string; image_url: string; category: string; type: "b2b" | "b2c"; is_featured: boolean; ... 8 more ...; benefits_ar?: string | undefined; }, any, TFieldValues> | undefined' is not assignable to type 'Resolver<{ name_en: string; name_ar: string; slug: string; description_en: string; description_ar: string; price: string; image_url: string; category: string; type: "b2b" | "b2c"; is_featured: boolean; ... 8 more ...; benefits_ar?: string | undefined; }, any, { ...; }> | undefined'.
      Type 'Resolver<{ name_en: string; name_ar: string; slug: string; description_en: string; description_ar: string; price: string; image_url: string; category: string; type: "b2b" | "b2c"; is_featured: boolean; ... 8 more ...; benefits_ar?: string | undefined; }, any, TFieldValues>' is not assignable to type 'Resolver<{ name_en: string; name_ar: string; slug: string; description_en: string; description_ar: string; price: string; image_url: string; category: string; type: "b2b" | "b2c"; is_featured: boolean; ... 8 more ...; benefits_ar?: string | undefined; }, any, { ...; }>'.
        Type 'ResolverResult<{ name_en: string; name_ar: string; slug: string; description_en: string; description_ar: string; price: string; image_url: string; category: string; type: "b2b" | "b2c"; is_featured: boolean; ... 8 more ...; benefits_ar?: string | undefined; }, TFieldValues> | Promise<...>' is not assignable to type 'ResolverResult<{ name_en: string; name_ar: string; slug: string; description_en: string; description_ar: string; price: string; image_url: string; category: string; type: "b2b" | "b2c"; is_featured: boolean; ... 8 more ...; benefits_ar?: string | undefined; }, { ...; }> | Promise<...>'.
          Type 'ResolverSuccess<TFieldValues>' is not assignable to type 'ResolverResult<{ name_en: string; name_ar: string; slug: string; description_en: string; description_ar: string; price: string; image_url: string; category: string; type: "b2b" | "b2c"; is_featured: boolean; ... 8 more ...; benefits_ar?: string | undefined; }, { ...; }> | Promise<...>'.
            Type 'ResolverSuccess<TFieldValues>' is not assignable to type 'ResolverSuccess<{ name_en: string; name_ar: string; slug: string; description_en: string; description_ar: string; price: string; image_url: string; category: string; type: "b2b" | "b2c"; is_featured: boolean; ... 8 more ...; benefits_ar?: string | undefined; }>'.
              Type 'TFieldValues' is not assignable to type '{ name_en: string; name_ar: string; slug: string; description_en: string; description_ar: string; price: string; image_url: string; category: string; type: "b2b" | "b2c"; is_featured: boolean; ... 8 more ...; benefits_ar?: string | undefined; }'.
                Type 'FieldValues' is missing the following properties from type '{ name_en: string; name_ar: string; slug: string; description_en: string; description_ar: string; price: string; image_url: string; category: string; type: "b2b" | "b2c"; is_featured: boolean; ... 8 more ...; benefits_ar?: string | undefined; }': name_en, name_ar, slug, description_en, and 6 more.
components/dashboard/product-dialog.tsx(370,17): error TS2322: Type 'Control<{ name_en: string; name_ar: string; slug: string; description_en: string; description_ar: string; price: string; image_url: string; category: string; type: "b2b" | "b2c"; is_featured: boolean; ... 8 more ...; benefits_ar?: string | undefined; }, any, TFieldValues>' is not assignable to type 'Control<{ name_en: string; name_ar: string; slug: string; description_en: string; description_ar: string; price: string; image_url: string; category: string; type: "b2b" | "b2c"; is_featured: boolean; ... 8 more ...; benefits_ar?: string | undefined; }, any, { ...; }>'.
  The types of '_options.resolver' are incompatible between these types.
    Type 'Resolver<{ name_en: string; name_ar: string; slug: string; description_en: string; description_ar: string; price: string; image_url: string; category: string; type: "b2b" | "b2c"; is_featured: boolean; ... 8 more ...; benefits_ar?: string | undefined; }, any, TFieldValues> | undefined' is not assignable to type 'Resolver<{ name_en: string; name_ar: string; slug: string; description_en: string; description_ar: string; price: string; image_url: string; category: string; type: "b2b" | "b2c"; is_featured: boolean; ... 8 more ...; benefits_ar?: string | undefined; }, any, { ...; }> | undefined'.
      Type 'Resolver<{ name_en: string; name_ar: string; slug: string; description_en: string; description_ar: string; price: string; image_url: string; category: string; type: "b2b" | "b2c"; is_featured: boolean; ... 8 more ...; benefits_ar?: string | undefined; }, any, TFieldValues>' is not assignable to type 'Resolver<{ name_en: string; name_ar: string; slug: string; description_en: string; description_ar: string; price: string; image_url: string; category: string; type: "b2b" | "b2c"; is_featured: boolean; ... 8 more ...; benefits_ar?: string | undefined; }, any, { ...; }>'.
        Type 'ResolverResult<{ name_en: string; name_ar: string; slug: string; description_en: string; description_ar: string; price: string; image_url: string; category: string; type: "b2b" | "b2c"; is_featured: boolean; ... 8 more ...; benefits_ar?: string | undefined; }, TFieldValues> | Promise<...>' is not assignable to type 'ResolverResult<{ name_en: string; name_ar: string; slug: string; description_en: string; description_ar: string; price: string; image_url: string; category: string; type: "b2b" | "b2c"; is_featured: boolean; ... 8 more ...; benefits_ar?: string | undefined; }, { ...; }> | Promise<...>'.
          Type 'ResolverSuccess<TFieldValues>' is not assignable to type 'ResolverResult<{ name_en: string; name_ar: string; slug: string; description_en: string; description_ar: string; price: string; image_url: string; category: string; type: "b2b" | "b2c"; is_featured: boolean; ... 8 more ...; benefits_ar?: string | undefined; }, { ...; }> | Promise<...>'.
            Type 'ResolverSuccess<TFieldValues>' is not assignable to type 'ResolverSuccess<{ name_en: string; name_ar: string; slug: string; description_en: string; description_ar: string; price: string; image_url: string; category: string; type: "b2b" | "b2c"; is_featured: boolean; ... 8 more ...; benefits_ar?: string | undefined; }>'.
              Type 'TFieldValues' is not assignable to type '{ name_en: string; name_ar: string; slug: string; description_en: string; description_ar: string; price: string; image_url: string; category: string; type: "b2b" | "b2c"; is_featured: boolean; ... 8 more ...; benefits_ar?: string | undefined; }'.
                Type 'FieldValues' is missing the following properties from type '{ name_en: string; name_ar: string; slug: string; description_en: string; description_ar: string; price: string; image_url: string; category: string; type: "b2b" | "b2c"; is_featured: boolean; ... 8 more ...; benefits_ar?: string | undefined; }': name_en, name_ar, slug, description_en, and 6 more.
components/dashboard/product-dialog.tsx(383,17): error TS2322: Type 'Control<{ name_en: string; name_ar: string; slug: string; description_en: string; description_ar: string; price: string; image_url: string; category: string; type: "b2b" | "b2c"; is_featured: boolean; ... 8 more ...; benefits_ar?: string | undefined; }, any, TFieldValues>' is not assignable to type 'Control<{ name_en: string; name_ar: string; slug: string; description_en: string; description_ar: string; price: string; image_url: string; category: string; type: "b2b" | "b2c"; is_featured: boolean; ... 8 more ...; benefits_ar?: string | undefined; }, any, { ...; }>'.
  The types of '_options.resolver' are incompatible between these types.
    Type 'Resolver<{ name_en: string; name_ar: string; slug: string; description_en: string; description_ar: string; price: string; image_url: string; category: string; type: "b2b" | "b2c"; is_featured: boolean; ... 8 more ...; benefits_ar?: string | undefined; }, any, TFieldValues> | undefined' is not assignable to type 'Resolver<{ name_en: string; name_ar: string; slug: string; description_en: string; description_ar: string; price: string; image_url: string; category: string; type: "b2b" | "b2c"; is_featured: boolean; ... 8 more ...; benefits_ar?: string | undefined; }, any, { ...; }> | undefined'.
      Type 'Resolver<{ name_en: string; name_ar: string; slug: string; description_en: string; description_ar: string; price: string; image_url: string; category: string; type: "b2b" | "b2c"; is_featured: boolean; ... 8 more ...; benefits_ar?: string | undefined; }, any, TFieldValues>' is not assignable to type 'Resolver<{ name_en: string; name_ar: string; slug: string; description_en: string; description_ar: string; price: string; image_url: string; category: string; type: "b2b" | "b2c"; is_featured: boolean; ... 8 more ...; benefits_ar?: string | undefined; }, any, { ...; }>'.
        Type 'ResolverResult<{ name_en: string; name_ar: string; slug: string; description_en: string; description_ar: string; price: string; image_url: string; category: string; type: "b2b" | "b2c"; is_featured: boolean; ... 8 more ...; benefits_ar?: string | undefined; }, TFieldValues> | Promise<...>' is not assignable to type 'ResolverResult<{ name_en: string; name_ar: string; slug: string; description_en: string; description_ar: string; price: string; image_url: string; category: string; type: "b2b" | "b2c"; is_featured: boolean; ... 8 more ...; benefits_ar?: string | undefined; }, { ...; }> | Promise<...>'.
          Type 'ResolverSuccess<TFieldValues>' is not assignable to type 'ResolverResult<{ name_en: string; name_ar: string; slug: string; description_en: string; description_ar: string; price: string; image_url: string; category: string; type: "b2b" | "b2c"; is_featured: boolean; ... 8 more ...; benefits_ar?: string | undefined; }, { ...; }> | Promise<...>'.
            Type 'ResolverSuccess<TFieldValues>' is not assignable to type 'ResolverSuccess<{ name_en: string; name_ar: string; slug: string; description_en: string; description_ar: string; price: string; image_url: string; category: string; type: "b2b" | "b2c"; is_featured: boolean; ... 8 more ...; benefits_ar?: string | undefined; }>'.
              Type 'TFieldValues' is not assignable to type '{ name_en: string; name_ar: string; slug: string; description_en: string; description_ar: string; price: string; image_url: string; category: string; type: "b2b" | "b2c"; is_featured: boolean; ... 8 more ...; benefits_ar?: string | undefined; }'.
                Type 'FieldValues' is missing the following properties from type '{ name_en: string; name_ar: string; slug: string; description_en: string; description_ar: string; price: string; image_url: string; category: string; type: "b2b" | "b2c"; is_featured: boolean; ... 8 more ...; benefits_ar?: string | undefined; }': name_en, name_ar, slug, description_en, and 6 more.
components/dashboard/product-dialog.tsx(396,17): error TS2322: Type 'Control<{ name_en: string; name_ar: string; slug: string; description_en: string; description_ar: string; price: string; image_url: string; category: string; type: "b2b" | "b2c"; is_featured: boolean; ... 8 more ...; benefits_ar?: string | undefined; }, any, TFieldValues>' is not assignable to type 'Control<{ name_en: string; name_ar: string; slug: string; description_en: string; description_ar: string; price: string; image_url: string; category: string; type: "b2b" | "b2c"; is_featured: boolean; ... 8 more ...; benefits_ar?: string | undefined; }, any, { ...; }>'.
  The types of '_options.resolver' are incompatible between these types.
    Type 'Resolver<{ name_en: string; name_ar: string; slug: string; description_en: string; description_ar: string; price: string; image_url: string; category: string; type: "b2b" | "b2c"; is_featured: boolean; ... 8 more ...; benefits_ar?: string | undefined; }, any, TFieldValues> | undefined' is not assignable to type 'Resolver<{ name_en: string; name_ar: string; slug: string; description_en: string; description_ar: string; price: string; image_url: string; category: string; type: "b2b" | "b2c"; is_featured: boolean; ... 8 more ...; benefits_ar?: string | undefined; }, any, { ...; }> | undefined'.
      Type 'Resolver<{ name_en: string; name_ar: string; slug: string; description_en: string; description_ar: string; price: string; image_url: string; category: string; type: "b2b" | "b2c"; is_featured: boolean; ... 8 more ...; benefits_ar?: string | undefined; }, any, TFieldValues>' is not assignable to type 'Resolver<{ name_en: string; name_ar: string; slug: string; description_en: string; description_ar: string; price: string; image_url: string; category: string; type: "b2b" | "b2c"; is_featured: boolean; ... 8 more ...; benefits_ar?: string | undefined; }, any, { ...; }>'.
        Type 'ResolverResult<{ name_en: string; name_ar: string; slug: string; description_en: string; description_ar: string; price: string; image_url: string; category: string; type: "b2b" | "b2c"; is_featured: boolean; ... 8 more ...; benefits_ar?: string | undefined; }, TFieldValues> | Promise<...>' is not assignable to type 'ResolverResult<{ name_en: string; name_ar: string; slug: string; description_en: string; description_ar: string; price: string; image_url: string; category: string; type: "b2b" | "b2c"; is_featured: boolean; ... 8 more ...; benefits_ar?: string | undefined; }, { ...; }> | Promise<...>'.
          Type 'ResolverSuccess<TFieldValues>' is not assignable to type 'ResolverResult<{ name_en: string; name_ar: string; slug: string; description_en: string; description_ar: string; price: string; image_url: string; category: string; type: "b2b" | "b2c"; is_featured: boolean; ... 8 more ...; benefits_ar?: string | undefined; }, { ...; }> | Promise<...>'.
            Type 'ResolverSuccess<TFieldValues>' is not assignable to type 'ResolverSuccess<{ name_en: string; name_ar: string; slug: string; description_en: string; description_ar: string; price: string; image_url: string; category: string; type: "b2b" | "b2c"; is_featured: boolean; ... 8 more ...; benefits_ar?: string | undefined; }>'.
              Type 'TFieldValues' is not assignable to type '{ name_en: string; name_ar: string; slug: string; description_en: string; description_ar: string; price: string; image_url: string; category: string; type: "b2b" | "b2c"; is_featured: boolean; ... 8 more ...; benefits_ar?: string | undefined; }'.
                Type 'FieldValues' is missing the following properties from type '{ name_en: string; name_ar: string; slug: string; description_en: string; description_ar: string; price: string; image_url: string; category: string; type: "b2b" | "b2c"; is_featured: boolean; ... 8 more ...; benefits_ar?: string | undefined; }': name_en, name_ar, slug, description_en, and 6 more.
components/dashboard/product-dialog.tsx(409,17): error TS2322: Type 'Control<{ name_en: string; name_ar: string; slug: string; description_en: string; description_ar: string; price: string; image_url: string; category: string; type: "b2b" | "b2c"; is_featured: boolean; ... 8 more ...; benefits_ar?: string | undefined; }, any, TFieldValues>' is not assignable to type 'Control<{ name_en: string; name_ar: string; slug: string; description_en: string; description_ar: string; price: string; image_url: string; category: string; type: "b2b" | "b2c"; is_featured: boolean; ... 8 more ...; benefits_ar?: string | undefined; }, any, { ...; }>'.
  The types of '_options.resolver' are incompatible between these types.
    Type 'Resolver<{ name_en: string; name_ar: string; slug: string; description_en: string; description_ar: string; price: string; image_url: string; category: string; type: "b2b" | "b2c"; is_featured: boolean; ... 8 more ...; benefits_ar?: string | undefined; }, any, TFieldValues> | undefined' is not assignable to type 'Resolver<{ name_en: string; name_ar: string; slug: string; description_en: string; description_ar: string; price: string; image_url: string; category: string; type: "b2b" | "b2c"; is_featured: boolean; ... 8 more ...; benefits_ar?: string | undefined; }, any, { ...; }> | undefined'.
      Type 'Resolver<{ name_en: string; name_ar: string; slug: string; description_en: string; description_ar: string; price: string; image_url: string; category: string; type: "b2b" | "b2c"; is_featured: boolean; ... 8 more ...; benefits_ar?: string | undefined; }, any, TFieldValues>' is not assignable to type 'Resolver<{ name_en: string; name_ar: string; slug: string; description_en: string; description_ar: string; price: string; image_url: string; category: string; type: "b2b" | "b2c"; is_featured: boolean; ... 8 more ...; benefits_ar?: string | undefined; }, any, { ...; }>'.
        Type 'ResolverResult<{ name_en: string; name_ar: string; slug: string; description_en: string; description_ar: string; price: string; image_url: string; category: string; type: "b2b" | "b2c"; is_featured: boolean; ... 8 more ...; benefits_ar?: string | undefined; }, TFieldValues> | Promise<...>' is not assignable to type 'ResolverResult<{ name_en: string; name_ar: string; slug: string; description_en: string; description_ar: string; price: string; image_url: string; category: string; type: "b2b" | "b2c"; is_featured: boolean; ... 8 more ...; benefits_ar?: string | undefined; }, { ...; }> | Promise<...>'.
          Type 'ResolverSuccess<TFieldValues>' is not assignable to type 'ResolverResult<{ name_en: string; name_ar: string; slug: string; description_en: string; description_ar: string; price: string; image_url: string; category: string; type: "b2b" | "b2c"; is_featured: boolean; ... 8 more ...; benefits_ar?: string | undefined; }, { ...; }> | Promise<...>'.
            Type 'ResolverSuccess<TFieldValues>' is not assignable to type 'ResolverSuccess<{ name_en: string; name_ar: string; slug: string; description_en: string; description_ar: string; price: string; image_url: string; category: string; type: "b2b" | "b2c"; is_featured: boolean; ... 8 more ...; benefits_ar?: string | undefined; }>'.
              Type 'TFieldValues' is not assignable to type '{ name_en: string; name_ar: string; slug: string; description_en: string; description_ar: string; price: string; image_url: string; category: string; type: "b2b" | "b2c"; is_featured: boolean; ... 8 more ...; benefits_ar?: string | undefined; }'.
                Type 'FieldValues' is missing the following properties from type '{ name_en: string; name_ar: string; slug: string; description_en: string; description_ar: string; price: string; image_url: string; category: string; type: "b2b" | "b2c"; is_featured: boolean; ... 8 more ...; benefits_ar?: string | undefined; }': name_en, name_ar, slug, description_en, and 6 more.
components/dashboard/product-dialog.tsx(424,17): error TS2322: Type 'Control<{ name_en: string; name_ar: string; slug: string; description_en: string; description_ar: string; price: string; image_url: string; category: string; type: "b2b" | "b2c"; is_featured: boolean; ... 8 more ...; benefits_ar?: string | undefined; }, any, TFieldValues>' is not assignable to type 'Control<{ name_en: string; name_ar: string; slug: string; description_en: string; description_ar: string; price: string; image_url: string; category: string; type: "b2b" | "b2c"; is_featured: boolean; ... 8 more ...; benefits_ar?: string | undefined; }, any, { ...; }>'.
  The types of '_options.resolver' are incompatible between these types.
    Type 'Resolver<{ name_en: string; name_ar: string; slug: string; description_en: string; description_ar: string; price: string; image_url: string; category: string; type: "b2b" | "b2c"; is_featured: boolean; ... 8 more ...; benefits_ar?: string | undefined; }, any, TFieldValues> | undefined' is not assignable to type 'Resolver<{ name_en: string; name_ar: string; slug: string; description_en: string; description_ar: string; price: string; image_url: string; category: string; type: "b2b" | "b2c"; is_featured: boolean; ... 8 more ...; benefits_ar?: string | undefined; }, any, { ...; }> | undefined'.
      Type 'Resolver<{ name_en: string; name_ar: string; slug: string; description_en: string; description_ar: string; price: string; image_url: string; category: string; type: "b2b" | "b2c"; is_featured: boolean; ... 8 more ...; benefits_ar?: string | undefined; }, any, TFieldValues>' is not assignable to type 'Resolver<{ name_en: string; name_ar: string; slug: string; description_en: string; description_ar: string; price: string; image_url: string; category: string; type: "b2b" | "b2c"; is_featured: boolean; ... 8 more ...; benefits_ar?: string | undefined; }, any, { ...; }>'.
        Type 'ResolverResult<{ name_en: string; name_ar: string; slug: string; description_en: string; description_ar: string; price: string; image_url: string; category: string; type: "b2b" | "b2c"; is_featured: boolean; ... 8 more ...; benefits_ar?: string | undefined; }, TFieldValues> | Promise<...>' is not assignable to type 'ResolverResult<{ name_en: string; name_ar: string; slug: string; description_en: string; description_ar: string; price: string; image_url: string; category: string; type: "b2b" | "b2c"; is_featured: boolean; ... 8 more ...; benefits_ar?: string | undefined; }, { ...; }> | Promise<...>'.
          Type 'ResolverSuccess<TFieldValues>' is not assignable to type 'ResolverResult<{ name_en: string; name_ar: string; slug: string; description_en: string; description_ar: string; price: string; image_url: string; category: string; type: "b2b" | "b2c"; is_featured: boolean; ... 8 more ...; benefits_ar?: string | undefined; }, { ...; }> | Promise<...>'.
            Type 'ResolverSuccess<TFieldValues>' is not assignable to type 'ResolverSuccess<{ name_en: string; name_ar: string; slug: string; description_en: string; description_ar: string; price: string; image_url: string; category: string; type: "b2b" | "b2c"; is_featured: boolean; ... 8 more ...; benefits_ar?: string | undefined; }>'.
              Type 'TFieldValues' is not assignable to type '{ name_en: string; name_ar: string; slug: string; description_en: string; description_ar: string; price: string; image_url: string; category: string; type: "b2b" | "b2c"; is_featured: boolean; ... 8 more ...; benefits_ar?: string | undefined; }'.
                Type 'FieldValues' is missing the following properties from type '{ name_en: string; name_ar: string; slug: string; description_en: string; description_ar: string; price: string; image_url: string; category: string; type: "b2b" | "b2c"; is_featured: boolean; ... 8 more ...; benefits_ar?: string | undefined; }': name_en, name_ar, slug, description_en, and 6 more.
components/dashboard/promotion-dialog.tsx(50,5): error TS2322: Type 'Resolver<{ title_en: string; title_ar: string; discount_percentage: string; end_date: string; apply_to: "product" | "category" | "all"; id?: string | undefined; is_active?: boolean | undefined; category?: string | undefined; product_id?: string | undefined; }, any, { ...; }>' is not assignable to type 'Resolver<{ title_en: string; title_ar: string; discount_percentage: string; end_date: string; is_active: boolean; apply_to: "product" | "category" | "all"; id?: string | undefined; category?: string | undefined; product_id?: string | undefined; }, any, { ...; }>'.
  Types of parameters 'options' and 'options' are incompatible.
    Type 'ResolverOptions<{ title_en: string; title_ar: string; discount_percentage: string; end_date: string; is_active: boolean; apply_to: "product" | "category" | "all"; id?: string | undefined; category?: string | undefined; product_id?: string | undefined; }>' is not assignable to type 'ResolverOptions<{ title_en: string; title_ar: string; discount_percentage: string; end_date: string; apply_to: "product" | "category" | "all"; id?: string | undefined; is_active?: boolean | undefined; category?: string | undefined; product_id?: string | undefined; }>'.
      Type 'boolean | undefined' is not assignable to type 'boolean'.
        Type 'undefined' is not assignable to type 'boolean'.
components/dashboard/promotion-dialog.tsx(119,45): error TS2345: Argument of type '(data: { title_en: string; title_ar: string; discount_percentage: string; end_date: string; is_active: boolean; apply_to: "product" | "category" | "all"; id?: string | undefined; category?: string | undefined; product_id?: string | undefined; }) => Promise<...>' is not assignable to parameter of type 'SubmitHandler<TFieldValues>'.
  Types of parameters 'data' and 'data' are incompatible.
    Type 'TFieldValues' is not assignable to type '{ title_en: string; title_ar: string; discount_percentage: string; end_date: string; is_active: boolean; apply_to: "product" | "category" | "all"; id?: string | undefined; category?: string | undefined; product_id?: string | undefined; }'.
      Type 'FieldValues' is missing the following properties from type '{ title_en: string; title_ar: string; discount_percentage: string; end_date: string; is_active: boolean; apply_to: "product" | "category" | "all"; id?: string | undefined; category?: string | undefined; product_id?: string | undefined; }': title_en, title_ar, discount_percentage, end_date, and 2 more.
components/dashboard/promotion-dialog.tsx(121,24): error TS2322: Type 'Control<{ title_en: string; title_ar: string; discount_percentage: string; end_date: string; is_active: boolean; apply_to: "product" | "category" | "all"; id?: string | undefined; category?: string | undefined; product_id?: string | undefined; }, any, TFieldValues>' is not assignable to type 'Control<{ title_en: string; title_ar: string; discount_percentage: string; end_date: string; is_active: boolean; apply_to: "product" | "category" | "all"; id?: string | undefined; category?: string | undefined; product_id?: string | undefined; }, any, { ...; }>'.
  The types of '_options.resolver' are incompatible between these types.
    Type 'Resolver<{ title_en: string; title_ar: string; discount_percentage: string; end_date: string; is_active: boolean; apply_to: "product" | "category" | "all"; id?: string | undefined; category?: string | undefined; product_id?: string | undefined; }, any, TFieldValues> | undefined' is not assignable to type 'Resolver<{ title_en: string; title_ar: string; discount_percentage: string; end_date: string; is_active: boolean; apply_to: "product" | "category" | "all"; id?: string | undefined; category?: string | undefined; product_id?: string | undefined; }, any, { ...; }> | undefined'.
      Type 'Resolver<{ title_en: string; title_ar: string; discount_percentage: string; end_date: string; is_active: boolean; apply_to: "product" | "category" | "all"; id?: string | undefined; category?: string | undefined; product_id?: string | undefined; }, any, TFieldValues>' is not assignable to type 'Resolver<{ title_en: string; title_ar: string; discount_percentage: string; end_date: string; is_active: boolean; apply_to: "product" | "category" | "all"; id?: string | undefined; category?: string | undefined; product_id?: string | undefined; }, any, { ...; }>'.
        Type 'ResolverResult<{ title_en: string; title_ar: string; discount_percentage: string; end_date: string; is_active: boolean; apply_to: "product" | "category" | "all"; id?: string | undefined; category?: string | undefined; product_id?: string | undefined; }, TFieldValues> | Promise<...>' is not assignable to type 'ResolverResult<{ title_en: string; title_ar: string; discount_percentage: string; end_date: string; is_active: boolean; apply_to: "product" | "category" | "all"; id?: string | undefined; category?: string | undefined; product_id?: string | undefined; }, { ...; }> | Promise<...>'.
          Type 'ResolverSuccess<TFieldValues>' is not assignable to type 'ResolverResult<{ title_en: string; title_ar: string; discount_percentage: string; end_date: string; is_active: boolean; apply_to: "product" | "category" | "all"; id?: string | undefined; category?: string | undefined; product_id?: string | undefined; }, { ...; }> | Promise<...>'.
            Type 'ResolverSuccess<TFieldValues>' is not assignable to type 'ResolverSuccess<{ title_en: string; title_ar: string; discount_percentage: string; end_date: string; is_active: boolean; apply_to: "product" | "category" | "all"; id?: string | undefined; category?: string | undefined; product_id?: string | undefined; }>'.
              Type 'TFieldValues' is not assignable to type '{ title_en: string; title_ar: string; discount_percentage: string; end_date: string; is_active: boolean; apply_to: "product" | "category" | "all"; id?: string | undefined; category?: string | undefined; product_id?: string | undefined; }'.
                Type 'FieldValues' is missing the following properties from type '{ title_en: string; title_ar: string; discount_percentage: string; end_date: string; is_active: boolean; apply_to: "product" | "category" | "all"; id?: string | undefined; category?: string | undefined; product_id?: string | undefined; }': title_en, title_ar, discount_percentage, end_date, and 2 more.
components/dashboard/promotion-dialog.tsx(129,24): error TS2322: Type 'Control<{ title_en: string; title_ar: string; discount_percentage: string; end_date: string; is_active: boolean; apply_to: "product" | "category" | "all"; id?: string | undefined; category?: string | undefined; product_id?: string | undefined; }, any, TFieldValues>' is not assignable to type 'Control<{ title_en: string; title_ar: string; discount_percentage: string; end_date: string; is_active: boolean; apply_to: "product" | "category" | "all"; id?: string | undefined; category?: string | undefined; product_id?: string | undefined; }, any, { ...; }>'.
  The types of '_options.resolver' are incompatible between these types.
    Type 'Resolver<{ title_en: string; title_ar: string; discount_percentage: string; end_date: string; is_active: boolean; apply_to: "product" | "category" | "all"; id?: string | undefined; category?: string | undefined; product_id?: string | undefined; }, any, TFieldValues> | undefined' is not assignable to type 'Resolver<{ title_en: string; title_ar: string; discount_percentage: string; end_date: string; is_active: boolean; apply_to: "product" | "category" | "all"; id?: string | undefined; category?: string | undefined; product_id?: string | undefined; }, any, { ...; }> | undefined'.
      Type 'Resolver<{ title_en: string; title_ar: string; discount_percentage: string; end_date: string; is_active: boolean; apply_to: "product" | "category" | "all"; id?: string | undefined; category?: string | undefined; product_id?: string | undefined; }, any, TFieldValues>' is not assignable to type 'Resolver<{ title_en: string; title_ar: string; discount_percentage: string; end_date: string; is_active: boolean; apply_to: "product" | "category" | "all"; id?: string | undefined; category?: string | undefined; product_id?: string | undefined; }, any, { ...; }>'.
        Type 'ResolverResult<{ title_en: string; title_ar: string; discount_percentage: string; end_date: string; is_active: boolean; apply_to: "product" | "category" | "all"; id?: string | undefined; category?: string | undefined; product_id?: string | undefined; }, TFieldValues> | Promise<...>' is not assignable to type 'ResolverResult<{ title_en: string; title_ar: string; discount_percentage: string; end_date: string; is_active: boolean; apply_to: "product" | "category" | "all"; id?: string | undefined; category?: string | undefined; product_id?: string | undefined; }, { ...; }> | Promise<...>'.
          Type 'ResolverSuccess<TFieldValues>' is not assignable to type 'ResolverResult<{ title_en: string; title_ar: string; discount_percentage: string; end_date: string; is_active: boolean; apply_to: "product" | "category" | "all"; id?: string | undefined; category?: string | undefined; product_id?: string | undefined; }, { ...; }> | Promise<...>'.
            Type 'ResolverSuccess<TFieldValues>' is not assignable to type 'ResolverSuccess<{ title_en: string; title_ar: string; discount_percentage: string; end_date: string; is_active: boolean; apply_to: "product" | "category" | "all"; id?: string | undefined; category?: string | undefined; product_id?: string | undefined; }>'.
              Type 'TFieldValues' is not assignable to type '{ title_en: string; title_ar: string; discount_percentage: string; end_date: string; is_active: boolean; apply_to: "product" | "category" | "all"; id?: string | undefined; category?: string | undefined; product_id?: string | undefined; }'.
                Type 'FieldValues' is missing the following properties from type '{ title_en: string; title_ar: string; discount_percentage: string; end_date: string; is_active: boolean; apply_to: "product" | "category" | "all"; id?: string | undefined; category?: string | undefined; product_id?: string | undefined; }': title_en, title_ar, discount_percentage, end_date, and 2 more.
components/dashboard/promotion-dialog.tsx(138,26): error TS2322: Type 'Control<{ title_en: string; title_ar: string; discount_percentage: string; end_date: string; is_active: boolean; apply_to: "product" | "category" | "all"; id?: string | undefined; category?: string | undefined; product_id?: string | undefined; }, any, TFieldValues>' is not assignable to type 'Control<{ title_en: string; title_ar: string; discount_percentage: string; end_date: string; is_active: boolean; apply_to: "product" | "category" | "all"; id?: string | undefined; category?: string | undefined; product_id?: string | undefined; }, any, { ...; }>'.
  The types of '_options.resolver' are incompatible between these types.
    Type 'Resolver<{ title_en: string; title_ar: string; discount_percentage: string; end_date: string; is_active: boolean; apply_to: "product" | "category" | "all"; id?: string | undefined; category?: string | undefined; product_id?: string | undefined; }, any, TFieldValues> | undefined' is not assignable to type 'Resolver<{ title_en: string; title_ar: string; discount_percentage: string; end_date: string; is_active: boolean; apply_to: "product" | "category" | "all"; id?: string | undefined; category?: string | undefined; product_id?: string | undefined; }, any, { ...; }> | undefined'.
      Type 'Resolver<{ title_en: string; title_ar: string; discount_percentage: string; end_date: string; is_active: boolean; apply_to: "product" | "category" | "all"; id?: string | undefined; category?: string | undefined; product_id?: string | undefined; }, any, TFieldValues>' is not assignable to type 'Resolver<{ title_en: string; title_ar: string; discount_percentage: string; end_date: string; is_active: boolean; apply_to: "product" | "category" | "all"; id?: string | undefined; category?: string | undefined; product_id?: string | undefined; }, any, { ...; }>'.
        Type 'ResolverResult<{ title_en: string; title_ar: string; discount_percentage: string; end_date: string; is_active: boolean; apply_to: "product" | "category" | "all"; id?: string | undefined; category?: string | undefined; product_id?: string | undefined; }, TFieldValues> | Promise<...>' is not assignable to type 'ResolverResult<{ title_en: string; title_ar: string; discount_percentage: string; end_date: string; is_active: boolean; apply_to: "product" | "category" | "all"; id?: string | undefined; category?: string | undefined; product_id?: string | undefined; }, { ...; }> | Promise<...>'.
          Type 'ResolverSuccess<TFieldValues>' is not assignable to type 'ResolverResult<{ title_en: string; title_ar: string; discount_percentage: string; end_date: string; is_active: boolean; apply_to: "product" | "category" | "all"; id?: string | undefined; category?: string | undefined; product_id?: string | undefined; }, { ...; }> | Promise<...>'.
            Type 'ResolverSuccess<TFieldValues>' is not assignable to type 'ResolverSuccess<{ title_en: string; title_ar: string; discount_percentage: string; end_date: string; is_active: boolean; apply_to: "product" | "category" | "all"; id?: string | undefined; category?: string | undefined; product_id?: string | undefined; }>'.
              Type 'TFieldValues' is not assignable to type '{ title_en: string; title_ar: string; discount_percentage: string; end_date: string; is_active: boolean; apply_to: "product" | "category" | "all"; id?: string | undefined; category?: string | undefined; product_id?: string | undefined; }'.
                Type 'FieldValues' is missing the following properties from type '{ title_en: string; title_ar: string; discount_percentage: string; end_date: string; is_active: boolean; apply_to: "product" | "category" | "all"; id?: string | undefined; category?: string | undefined; product_id?: string | undefined; }': title_en, title_ar, discount_percentage, end_date, and 2 more.
components/dashboard/promotion-dialog.tsx(146,26): error TS2322: Type 'Control<{ title_en: string; title_ar: string; discount_percentage: string; end_date: string; is_active: boolean; apply_to: "product" | "category" | "all"; id?: string | undefined; category?: string | undefined; product_id?: string | undefined; }, any, TFieldValues>' is not assignable to type 'Control<{ title_en: string; title_ar: string; discount_percentage: string; end_date: string; is_active: boolean; apply_to: "product" | "category" | "all"; id?: string | undefined; category?: string | undefined; product_id?: string | undefined; }, any, { ...; }>'.
  The types of '_options.resolver' are incompatible between these types.
    Type 'Resolver<{ title_en: string; title_ar: string; discount_percentage: string; end_date: string; is_active: boolean; apply_to: "product" | "category" | "all"; id?: string | undefined; category?: string | undefined; product_id?: string | undefined; }, any, TFieldValues> | undefined' is not assignable to type 'Resolver<{ title_en: string; title_ar: string; discount_percentage: string; end_date: string; is_active: boolean; apply_to: "product" | "category" | "all"; id?: string | undefined; category?: string | undefined; product_id?: string | undefined; }, any, { ...; }> | undefined'.
      Type 'Resolver<{ title_en: string; title_ar: string; discount_percentage: string; end_date: string; is_active: boolean; apply_to: "product" | "category" | "all"; id?: string | undefined; category?: string | undefined; product_id?: string | undefined; }, any, TFieldValues>' is not assignable to type 'Resolver<{ title_en: string; title_ar: string; discount_percentage: string; end_date: string; is_active: boolean; apply_to: "product" | "category" | "all"; id?: string | undefined; category?: string | undefined; product_id?: string | undefined; }, any, { ...; }>'.
        Type 'ResolverResult<{ title_en: string; title_ar: string; discount_percentage: string; end_date: string; is_active: boolean; apply_to: "product" | "category" | "all"; id?: string | undefined; category?: string | undefined; product_id?: string | undefined; }, TFieldValues> | Promise<...>' is not assignable to type 'ResolverResult<{ title_en: string; title_ar: string; discount_percentage: string; end_date: string; is_active: boolean; apply_to: "product" | "category" | "all"; id?: string | undefined; category?: string | undefined; product_id?: string | undefined; }, { ...; }> | Promise<...>'.
          Type 'ResolverSuccess<TFieldValues>' is not assignable to type 'ResolverResult<{ title_en: string; title_ar: string; discount_percentage: string; end_date: string; is_active: boolean; apply_to: "product" | "category" | "all"; id?: string | undefined; category?: string | undefined; product_id?: string | undefined; }, { ...; }> | Promise<...>'.
            Type 'ResolverSuccess<TFieldValues>' is not assignable to type 'ResolverSuccess<{ title_en: string; title_ar: string; discount_percentage: string; end_date: string; is_active: boolean; apply_to: "product" | "category" | "all"; id?: string | undefined; category?: string | undefined; product_id?: string | undefined; }>'.
              Type 'TFieldValues' is not assignable to type '{ title_en: string; title_ar: string; discount_percentage: string; end_date: string; is_active: boolean; apply_to: "product" | "category" | "all"; id?: string | undefined; category?: string | undefined; product_id?: string | undefined; }'.
                Type 'FieldValues' is missing the following properties from type '{ title_en: string; title_ar: string; discount_percentage: string; end_date: string; is_active: boolean; apply_to: "product" | "category" | "all"; id?: string | undefined; category?: string | undefined; product_id?: string | undefined; }': title_en, title_ar, discount_percentage, end_date, and 2 more.
components/dashboard/promotion-dialog.tsx(155,24): error TS2322: Type 'Control<{ title_en: string; title_ar: string; discount_percentage: string; end_date: string; is_active: boolean; apply_to: "product" | "category" | "all"; id?: string | undefined; category?: string | undefined; product_id?: string | undefined; }, any, TFieldValues>' is not assignable to type 'Control<{ title_en: string; title_ar: string; discount_percentage: string; end_date: string; is_active: boolean; apply_to: "product" | "category" | "all"; id?: string | undefined; category?: string | undefined; product_id?: string | undefined; }, any, { ...; }>'.
  The types of '_options.resolver' are incompatible between these types.
    Type 'Resolver<{ title_en: string; title_ar: string; discount_percentage: string; end_date: string; is_active: boolean; apply_to: "product" | "category" | "all"; id?: string | undefined; category?: string | undefined; product_id?: string | undefined; }, any, TFieldValues> | undefined' is not assignable to type 'Resolver<{ title_en: string; title_ar: string; discount_percentage: string; end_date: string; is_active: boolean; apply_to: "product" | "category" | "all"; id?: string | undefined; category?: string | undefined; product_id?: string | undefined; }, any, { ...; }> | undefined'.
      Type 'Resolver<{ title_en: string; title_ar: string; discount_percentage: string; end_date: string; is_active: boolean; apply_to: "product" | "category" | "all"; id?: string | undefined; category?: string | undefined; product_id?: string | undefined; }, any, TFieldValues>' is not assignable to type 'Resolver<{ title_en: string; title_ar: string; discount_percentage: string; end_date: string; is_active: boolean; apply_to: "product" | "category" | "all"; id?: string | undefined; category?: string | undefined; product_id?: string | undefined; }, any, { ...; }>'.
        Type 'ResolverResult<{ title_en: string; title_ar: string; discount_percentage: string; end_date: string; is_active: boolean; apply_to: "product" | "category" | "all"; id?: string | undefined; category?: string | undefined; product_id?: string | undefined; }, TFieldValues> | Promise<...>' is not assignable to type 'ResolverResult<{ title_en: string; title_ar: string; discount_percentage: string; end_date: string; is_active: boolean; apply_to: "product" | "category" | "all"; id?: string | undefined; category?: string | undefined; product_id?: string | undefined; }, { ...; }> | Promise<...>'.
          Type 'ResolverSuccess<TFieldValues>' is not assignable to type 'ResolverResult<{ title_en: string; title_ar: string; discount_percentage: string; end_date: string; is_active: boolean; apply_to: "product" | "category" | "all"; id?: string | undefined; category?: string | undefined; product_id?: string | undefined; }, { ...; }> | Promise<...>'.
            Type 'ResolverSuccess<TFieldValues>' is not assignable to type 'ResolverSuccess<{ title_en: string; title_ar: string; discount_percentage: string; end_date: string; is_active: boolean; apply_to: "product" | "category" | "all"; id?: string | undefined; category?: string | undefined; product_id?: string | undefined; }>'.
              Type 'TFieldValues' is not assignable to type '{ title_en: string; title_ar: string; discount_percentage: string; end_date: string; is_active: boolean; apply_to: "product" | "category" | "all"; id?: string | undefined; category?: string | undefined; product_id?: string | undefined; }'.
                Type 'FieldValues' is missing the following properties from type '{ title_en: string; title_ar: string; discount_percentage: string; end_date: string; is_active: boolean; apply_to: "product" | "category" | "all"; id?: string | undefined; category?: string | undefined; product_id?: string | undefined; }': title_en, title_ar, discount_percentage, end_date, and 2 more.
components/dashboard/promotion-dialog.tsx(175,26): error TS2322: Type 'Control<{ title_en: string; title_ar: string; discount_percentage: string; end_date: string; is_active: boolean; apply_to: "product" | "category" | "all"; id?: string | undefined; category?: string | undefined; product_id?: string | undefined; }, any, TFieldValues>' is not assignable to type 'Control<{ title_en: string; title_ar: string; discount_percentage: string; end_date: string; is_active: boolean; apply_to: "product" | "category" | "all"; id?: string | undefined; category?: string | undefined; product_id?: string | undefined; }, any, { ...; }>'.
  The types of '_options.resolver' are incompatible between these types.
    Type 'Resolver<{ title_en: string; title_ar: string; discount_percentage: string; end_date: string; is_active: boolean; apply_to: "product" | "category" | "all"; id?: string | undefined; category?: string | undefined; product_id?: string | undefined; }, any, TFieldValues> | undefined' is not assignable to type 'Resolver<{ title_en: string; title_ar: string; discount_percentage: string; end_date: string; is_active: boolean; apply_to: "product" | "category" | "all"; id?: string | undefined; category?: string | undefined; product_id?: string | undefined; }, any, { ...; }> | undefined'.
      Type 'Resolver<{ title_en: string; title_ar: string; discount_percentage: string; end_date: string; is_active: boolean; apply_to: "product" | "category" | "all"; id?: string | undefined; category?: string | undefined; product_id?: string | undefined; }, any, TFieldValues>' is not assignable to type 'Resolver<{ title_en: string; title_ar: string; discount_percentage: string; end_date: string; is_active: boolean; apply_to: "product" | "category" | "all"; id?: string | undefined; category?: string | undefined; product_id?: string | undefined; }, any, { ...; }>'.
        Type 'ResolverResult<{ title_en: string; title_ar: string; discount_percentage: string; end_date: string; is_active: boolean; apply_to: "product" | "category" | "all"; id?: string | undefined; category?: string | undefined; product_id?: string | undefined; }, TFieldValues> | Promise<...>' is not assignable to type 'ResolverResult<{ title_en: string; title_ar: string; discount_percentage: string; end_date: string; is_active: boolean; apply_to: "product" | "category" | "all"; id?: string | undefined; category?: string | undefined; product_id?: string | undefined; }, { ...; }> | Promise<...>'.
          Type 'ResolverSuccess<TFieldValues>' is not assignable to type 'ResolverResult<{ title_en: string; title_ar: string; discount_percentage: string; end_date: string; is_active: boolean; apply_to: "product" | "category" | "all"; id?: string | undefined; category?: string | undefined; product_id?: string | undefined; }, { ...; }> | Promise<...>'.
            Type 'ResolverSuccess<TFieldValues>' is not assignable to type 'ResolverSuccess<{ title_en: string; title_ar: string; discount_percentage: string; end_date: string; is_active: boolean; apply_to: "product" | "category" | "all"; id?: string | undefined; category?: string | undefined; product_id?: string | undefined; }>'.
              Type 'TFieldValues' is not assignable to type '{ title_en: string; title_ar: string; discount_percentage: string; end_date: string; is_active: boolean; apply_to: "product" | "category" | "all"; id?: string | undefined; category?: string | undefined; product_id?: string | undefined; }'.
                Type 'FieldValues' is missing the following properties from type '{ title_en: string; title_ar: string; discount_percentage: string; end_date: string; is_active: boolean; apply_to: "product" | "category" | "all"; id?: string | undefined; category?: string | undefined; product_id?: string | undefined; }': title_en, title_ar, discount_percentage, end_date, and 2 more.
components/dashboard/promotion-dialog.tsx(194,26): error TS2322: Type 'Control<{ title_en: string; title_ar: string; discount_percentage: string; end_date: string; is_active: boolean; apply_to: "product" | "category" | "all"; id?: string | undefined; category?: string | undefined; product_id?: string | undefined; }, any, TFieldValues>' is not assignable to type 'Control<{ title_en: string; title_ar: string; discount_percentage: string; end_date: string; is_active: boolean; apply_to: "product" | "category" | "all"; id?: string | undefined; category?: string | undefined; product_id?: string | undefined; }, any, { ...; }>'.
  The types of '_options.resolver' are incompatible between these types.
    Type 'Resolver<{ title_en: string; title_ar: string; discount_percentage: string; end_date: string; is_active: boolean; apply_to: "product" | "category" | "all"; id?: string | undefined; category?: string | undefined; product_id?: string | undefined; }, any, TFieldValues> | undefined' is not assignable to type 'Resolver<{ title_en: string; title_ar: string; discount_percentage: string; end_date: string; is_active: boolean; apply_to: "product" | "category" | "all"; id?: string | undefined; category?: string | undefined; product_id?: string | undefined; }, any, { ...; }> | undefined'.
      Type 'Resolver<{ title_en: string; title_ar: string; discount_percentage: string; end_date: string; is_active: boolean; apply_to: "product" | "category" | "all"; id?: string | undefined; category?: string | undefined; product_id?: string | undefined; }, any, TFieldValues>' is not assignable to type 'Resolver<{ title_en: string; title_ar: string; discount_percentage: string; end_date: string; is_active: boolean; apply_to: "product" | "category" | "all"; id?: string | undefined; category?: string | undefined; product_id?: string | undefined; }, any, { ...; }>'.
        Type 'ResolverResult<{ title_en: string; title_ar: string; discount_percentage: string; end_date: string; is_active: boolean; apply_to: "product" | "category" | "all"; id?: string | undefined; category?: string | undefined; product_id?: string | undefined; }, TFieldValues> | Promise<...>' is not assignable to type 'ResolverResult<{ title_en: string; title_ar: string; discount_percentage: string; end_date: string; is_active: boolean; apply_to: "product" | "category" | "all"; id?: string | undefined; category?: string | undefined; product_id?: string | undefined; }, { ...; }> | Promise<...>'.
          Type 'ResolverSuccess<TFieldValues>' is not assignable to type 'ResolverResult<{ title_en: string; title_ar: string; discount_percentage: string; end_date: string; is_active: boolean; apply_to: "product" | "category" | "all"; id?: string | undefined; category?: string | undefined; product_id?: string | undefined; }, { ...; }> | Promise<...>'.
            Type 'ResolverSuccess<TFieldValues>' is not assignable to type 'ResolverSuccess<{ title_en: string; title_ar: string; discount_percentage: string; end_date: string; is_active: boolean; apply_to: "product" | "category" | "all"; id?: string | undefined; category?: string | undefined; product_id?: string | undefined; }>'.
              Type 'TFieldValues' is not assignable to type '{ title_en: string; title_ar: string; discount_percentage: string; end_date: string; is_active: boolean; apply_to: "product" | "category" | "all"; id?: string | undefined; category?: string | undefined; product_id?: string | undefined; }'.
                Type 'FieldValues' is missing the following properties from type '{ title_en: string; title_ar: string; discount_percentage: string; end_date: string; is_active: boolean; apply_to: "product" | "category" | "all"; id?: string | undefined; category?: string | undefined; product_id?: string | undefined; }': title_en, title_ar, discount_percentage, end_date, and 2 more.
components/dashboard/promotion-dialog.tsx(203,24): error TS2322: Type 'Control<{ title_en: string; title_ar: string; discount_percentage: string; end_date: string; is_active: boolean; apply_to: "product" | "category" | "all"; id?: string | undefined; category?: string | undefined; product_id?: string | undefined; }, any, TFieldValues>' is not assignable to type 'Control<{ title_en: string; title_ar: string; discount_percentage: string; end_date: string; is_active: boolean; apply_to: "product" | "category" | "all"; id?: string | undefined; category?: string | undefined; product_id?: string | undefined; }, any, { ...; }>'.
  The types of '_options.resolver' are incompatible between these types.
    Type 'Resolver<{ title_en: string; title_ar: string; discount_percentage: string; end_date: string; is_active: boolean; apply_to: "product" | "category" | "all"; id?: string | undefined; category?: string | undefined; product_id?: string | undefined; }, any, TFieldValues> | undefined' is not assignable to type 'Resolver<{ title_en: string; title_ar: string; discount_percentage: string; end_date: string; is_active: boolean; apply_to: "product" | "category" | "all"; id?: string | undefined; category?: string | undefined; product_id?: string | undefined; }, any, { ...; }> | undefined'.
      Type 'Resolver<{ title_en: string; title_ar: string; discount_percentage: string; end_date: string; is_active: boolean; apply_to: "product" | "category" | "all"; id?: string | undefined; category?: string | undefined; product_id?: string | undefined; }, any, TFieldValues>' is not assignable to type 'Resolver<{ title_en: string; title_ar: string; discount_percentage: string; end_date: string; is_active: boolean; apply_to: "product" | "category" | "all"; id?: string | undefined; category?: string | undefined; product_id?: string | undefined; }, any, { ...; }>'.
        Type 'ResolverResult<{ title_en: string; title_ar: string; discount_percentage: string; end_date: string; is_active: boolean; apply_to: "product" | "category" | "all"; id?: string | undefined; category?: string | undefined; product_id?: string | undefined; }, TFieldValues> | Promise<...>' is not assignable to type 'ResolverResult<{ title_en: string; title_ar: string; discount_percentage: string; end_date: string; is_active: boolean; apply_to: "product" | "category" | "all"; id?: string | undefined; category?: string | undefined; product_id?: string | undefined; }, { ...; }> | Promise<...>'.
          Type 'ResolverSuccess<TFieldValues>' is not assignable to type 'ResolverResult<{ title_en: string; title_ar: string; discount_percentage: string; end_date: string; is_active: boolean; apply_to: "product" | "category" | "all"; id?: string | undefined; category?: string | undefined; product_id?: string | undefined; }, { ...; }> | Promise<...>'.
            Type 'ResolverSuccess<TFieldValues>' is not assignable to type 'ResolverSuccess<{ title_en: string; title_ar: string; discount_percentage: string; end_date: string; is_active: boolean; apply_to: "product" | "category" | "all"; id?: string | undefined; category?: string | undefined; product_id?: string | undefined; }>'.
              Type 'TFieldValues' is not assignable to type '{ title_en: string; title_ar: string; discount_percentage: string; end_date: string; is_active: boolean; apply_to: "product" | "category" | "all"; id?: string | undefined; category?: string | undefined; product_id?: string | undefined; }'.
                Type 'FieldValues' is missing the following properties from type '{ title_en: string; title_ar: string; discount_percentage: string; end_date: string; is_active: boolean; apply_to: "product" | "category" | "all"; id?: string | undefined; category?: string | undefined; product_id?: string | undefined; }': title_en, title_ar, discount_percentage, end_date, and 2 more.
components/product/infinite-product-grid.tsx(82,13): error TS2322: Type '{ key: string; product: Product; dictionary: any; }' is not assignable to type 'IntrinsicAttributes & ProductCardProps'.
  Property 'dictionary' does not exist on type 'IntrinsicAttributes & ProductCardProps'.
lib/get-dictionary.ts(28,11): error TS7053: Element implicitly has an 'any' type because expression of type 'any' can't be used to index type '{ nav_about: string; nav_b2b: string; nav_shop: string; nav_contact: string; nav_request_catalog: string; nav_view_products: string; logo_aria_label: string; open_menu_aria_label: string; ... 199 more ...; linkedin_url: string; }'.
lib/get-dictionary.ts(30,11): error TS7053: Element implicitly has an 'any' type because expression of type 'any' can't be used to index type '{ nav_about: string; nav_b2b: string; nav_shop: string; nav_contact: string; nav_request_catalog: string; nav_view_products: string; logo_aria_label: string; open_menu_aria_label: string; ... 199 more ...; linkedin_url: string; }'.
